  Determining projects to restore...
  All projects are up-to-date for restore.
  NEXORA.Core -> D:\NEXORA\src\NEXORA.Core\bin\x64\Debug\net8.0-windows10.0.19041.0\NEXORA.Core.dll
^C